[     261ms] [ERROR] Failed to load resource: the server responded with a status of 403 () @ https://www.sciencedirect.com/science/article/pii/S0306457325003103:0
[     392ms] [ERROR] Failed to load resource: the server responded with a status of 404 () @ https://www.sciencedirect.com/craft/hosnb?tsoh=d3d3LnNjaWVuY2VkaXJlY3QuY29t&rh=d3d3LnNjaWVuY2VkaXJlY3QuY29t:0
[     464ms] [ERROR] Failed to load resource: net::ERR_BLOCKED_BY_RESPONSE.NotSameOriginAfterDefaultedToSameOriginByCoep @ https://sdfestaticassets-us-east-1.sciencedirectassets.com/shared-assets/24/images/elsevier-non-solus-new-grey.svg:0
[    1135ms] [ERROR] Failed to load resource: net::ERR_BLOCKED_BY_RESPONSE.NotSameOriginAfterDefaultedToSameOriginByCoep @ https://sdfestaticassets-eu-west-1.sciencedirectassets.com/shared-assets/103/images/favSD.ico:0
[    2389ms] [ERROR] Failed to load resource: the server responded with a status of 401 () @ https://challenges.cloudflare.com/cdn-cgi/challenge-platform/h/g/pat/9fe0bf63be26e39e/1779169025121/e63c27cdef360f8388a5a6cd192d83ab1263f9e9a6a5594456a54624a5b6526d/fwrUueJKJKws939:0
[    3127ms] [ERROR] This document requires 'TrustedHTML' assignment. The action has been blocked. @ https://challenges.cloudflare.com/cdn-cgi/challenge-platform/h/g/turnstile/f/ov2/av0/rch/6hhng/0x4AAAAAAAAjq6WYeRDKmebM/light/fbE/new/normal?lang=auto:0
[    3128ms] [ERROR] This document requires 'TrustedHTML' assignment. The action has been blocked. @ https://challenges.cloudflare.com/cdn-cgi/challenge-platform/h/g/turnstile/f/ov2/av0/rch/6hhng/0x4AAAAAAAAjq6WYeRDKmebM/light/fbE/new/normal?lang=auto:0
[    3129ms] [ERROR] This document requires 'TrustedScript' assignment. The action has been blocked. @ https://challenges.cloudflare.com/cdn-cgi/challenge-platform/h/g/turnstile/f/ov2/av0/rch/6hhng/0x4AAAAAAAAjq6WYeRDKmebM/light/fbE/new/normal?lang=auto:0
[    3129ms] [ERROR] This document requires 'TrustedScript' assignment. The action has been blocked. @ https://challenges.cloudflare.com/cdn-cgi/challenge-platform/h/g/turnstile/f/ov2/av0/rch/6hhng/0x4AAAAAAAAjq6WYeRDKmebM/light/fbE/new/normal?lang=auto:0
[    3129ms] [ERROR] This document requires 'TrustedScriptURL' assignment. The action has been blocked. @ https://challenges.cloudflare.com/cdn-cgi/challenge-platform/h/g/turnstile/f/ov2/av0/rch/6hhng/0x4AAAAAAAAjq6WYeRDKmebM/light/fbE/new/normal?lang=auto:0
[    3129ms] [ERROR] This document requires 'TrustedScriptURL' assignment. The action has been blocked. @ https://challenges.cloudflare.com/cdn-cgi/challenge-platform/h/g/turnstile/f/ov2/av0/rch/6hhng/0x4AAAAAAAAjq6WYeRDKmebM/light/fbE/new/normal?lang=auto:0
[    3136ms] [ERROR] Executing inline script violates the following Content Security Policy directive 'script-src 'nonce-LMd1cEmpSKRrNt6G3E6jU8' 'unsafe-eval''. Either the 'unsafe-inline' keyword, a hash ('sha256-eJGI0Ik4oYe/PKLDOt4wcN76wYs8h+Ew05pMzdY6xG8='), or a nonce ('nonce-...') is required to enable inline execution. The action has been blocked. @ about:srcdoc:0
[    3136ms] [ERROR] Executing inline script violates the following Content Security Policy directive 'script-src 'nonce-LMd1cEmpSKRrNt6G3E6jU8' 'unsafe-eval''. Either the 'unsafe-inline' keyword, a hash ('sha256-eJGI0Ik4oYe/PKLDOt4wcN76wYs8h+Ew05pMzdY6xG8='), or a nonce ('nonce-...') is required to enable inline execution. The action has been blocked. @ about:srcdoc:0
[    3136ms] [ERROR] This document requires 'TrustedScript' assignment. The action has been blocked. @ https://challenges.cloudflare.com/cdn-cgi/challenge-platform/h/g/turnstile/f/ov2/av0/rch/6hhng/0x4AAAAAAAAjq6WYeRDKmebM/light/fbE/new/normal?lang=auto:0
[    3136ms] [ERROR] This document requires 'TrustedScript' assignment. The action has been blocked. @ https://challenges.cloudflare.com/cdn-cgi/challenge-platform/h/g/turnstile/f/ov2/av0/rch/6hhng/0x4AAAAAAAAjq6WYeRDKmebM/light/fbE/new/normal?lang=auto:0
[    5356ms] [WARNING] Failed to parse audio contentType: audio/mp4; codecs=ac-3 @ https://challenges.cloudflare.com/cdn-cgi/challenge-platform/h/g/turnstile/f/ov2/av0/rch/6hhng/0x4AAAAAAAAjq6WYeRDKmebM/light/fbE/new/normal?lang=auto:0
[    5357ms] [WARNING] Failed to parse audio contentType: audio/mp4; codecs=ec-3 @ https://challenges.cloudflare.com/cdn-cgi/challenge-platform/h/g/turnstile/f/ov2/av0/rch/6hhng/0x4AAAAAAAAjq6WYeRDKmebM/light/fbE/new/normal?lang=auto:0
[    5360ms] [WARNING] Invalid (ambiguous) video codec string: video/webm; codecs=vp9 @ https://challenges.cloudflare.com/cdn-cgi/challenge-platform/h/g/turnstile/f/ov2/av0/rch/6hhng/0x4AAAAAAAAjq6WYeRDKmebM/light/fbE/new/normal?lang=auto:0
[    5360ms] [WARNING] Failed to parse video contentType: video/ogg; codecs=theora @ https://challenges.cloudflare.com/cdn-cgi/challenge-platform/h/g/turnstile/f/ov2/av0/rch/6hhng/0x4AAAAAAAAjq6WYeRDKmebM/light/fbE/new/normal?lang=auto:0
[    5586ms] [ERROR] Permissions policy violation: xr-spatial-tracking is not allowed in this document. @ https://challenges.cloudflare.com/cdn-cgi/challenge-platform/h/g/turnstile/f/ov2/av0/rch/6hhng/0x4AAAAAAAAjq6WYeRDKmebM/light/fbE/new/normal?lang=auto:0
[    5586ms] [ERROR] Permissions policy violation: xr-spatial-tracking is not allowed in this document. @ https://challenges.cloudflare.com/cdn-cgi/challenge-platform/h/g/turnstile/f/ov2/av0/rch/6hhng/0x4AAAAAAAAjq6WYeRDKmebM/light/fbE/new/normal?lang=auto:0
[    6138ms] [WARNING] The resource https://challenges.cloudflare.com/cdn-cgi/challenge-platform/h/g/cmg/1 was preloaded using link preload but not used within a few seconds from the window's load event. Please make sure it has an appropriate `as` value and it is preloaded intentionally. @ https://challenges.cloudflare.com/cdn-cgi/challenge-platform/h/g/turnstile/f/ov2/av0/rch/6hhng/0x4AAAAAAAAjq6WYeRDKmebM/light/fbE/new/normal?lang=auto:0
[    6154ms] [WARNING] The resource https://sdfestaticassets-us-east-1.sciencedirectassets.com/shared-assets/24/images/elsevier-non-solus-new-grey.svg was preloaded using link preload but not used within a few seconds from the window's load event. Please make sure it has an appropriate `as` value and it is preloaded intentionally. @ https://www.sciencedirect.com/science/article/pii/S0306457325003103:0
[    6336ms] [WARNING] Form submission canceled because the form is not connected @ https://challenges.cloudflare.com/cdn-cgi/challenge-platform/h/g/turnstile/f/ov2/av0/rch/6hhng/0x4AAAAAAAAjq6WYeRDKmebM/light/fbE/new/normal?lang=auto:0
[    6345ms] [WARNING] Device failed at creation. @ https://challenges.cloudflare.com/cdn-cgi/challenge-platform/h/g/turnstile/f/ov2/av0/rch/6hhng/0x4AAAAAAAAjq6WYeRDKmebM/light/fbE/new/normal?lang=auto:0
[    9853ms] [WARNING] The resource https://challenges.cloudflare.com/cdn-cgi/challenge-platform/h/g/cmg/1 was preloaded using link preload but not used within a few seconds from the window's load event. Please make sure it has an appropriate `as` value and it is preloaded intentionally. @ https://challenges.cloudflare.com/cdn-cgi/challenge-platform/h/g/turnstile/f/ov2/av0/rch/6hhng/0x4AAAAAAAAjq6WYeRDKmebM/light/fbE/new/normal?lang=auto:0
[    9853ms] [WARNING] The resource https://sdfestaticassets-us-east-1.sciencedirectassets.com/shared-assets/24/images/elsevier-non-solus-new-grey.svg was preloaded using link preload but not used within a few seconds from the window's load event. Please make sure it has an appropriate `as` value and it is preloaded intentionally. @ https://www.sciencedirect.com/science/article/pii/S0306457325003103:0
